  0:    -> P1  PROPOSE v=42
  1: P1 -> A1  PREPARE n=1
  2: P1 -> A2  PREPARE n=1
  3: P1 -> A3  PREPARE n=1
  4: A1 -> P1  PROMISE n=1 (Prior: None)
  5: A2 -> P1  PROMISE n=1 (Prior: None)
  6: A3 -> P1  PROMISE n=1 (Prior: None)
  7: P1 -> A1  ACCEPT n=1 v=42
  8: ** P1 FAILS **
  9:
 10:
 11:    -> P2  PROPOSE v=37
 12: P2 -> A1  PREPARE n=2
 13: P2 -> A2  PREPARE n=2
 14: P2 -> A3  PREPARE n=2
 15: A1 -> P2  PROMISE n=2 (Prior: n=1, v=42)
 16: A2 -> P2  PROMISE n=2 (Prior: None)
 17: A3 -> P2  PROMISE n=2 (Prior: None)
 18: P2 -> A1  ACCEPT n=2 v=42
 19: P2 -> A2  ACCEPT n=2 v=42
 20: P2 -> A3  ACCEPT n=2 v=42
 21: A1 -> P2  ACCEPTED n=2 v=42
 22: A2 -> P2  ACCEPTED n=2 v=42
 23: A3 -> P2  ACCEPTED n=2 v=42
 24:
 25:

P1 did not reach consensus
P2 has reached consensus (proposed 37, accepted 42)
